Program parsed correctly!
---------------------------
--------Printing AST-------
---------------------------
Program
    Function List
    Statement List
        Declaration statement: val1
            Type: bool
            Assignment to variable: val1
                Boolean literal: true
        Declaration statement: val2
            Type: bool
            Assignment to variable: val2
                Boolean literal: false
        Declaration statement: val3
            Type: bool
            Assignment to variable: val3
                Boolean literal: false
        Declaration statement: result
            Type: bool
            Assignment to variable: result
                Binary operator '||'
                    Identifier: val1
                    Binary operator '&&'
                        Identifier: val2
                        Not expression
                            Identifier: val3
