Program parsed correctly!
---------------------------
--------Printing AST-------
---------------------------
Program
    Function List
    Statement List
        Declaration statement: arrOfStrings
            Type: list
                Type: text
            Assignment to variable: arrOfStrings
                Expression List
                    Quoted string: "Hello"
                    Quoted string: "there"
                    Quoted string: "friends"
